1
[student@workstation ~]$ lab-configure 

 . Enter the GitHub account name: veerabose
   Verifying GitHub account name: veerabose

 . Enter the Quay.io account name: veeraabose
   Verifying Quay.io account name: veeraabose

 . Configuring RHT_OCP4_GITHUB_USER variable: SUCCESS
 . Configuring RHT_OCP4_QUAY_USER variable:   SUCCESS

 . To reconfigure, run: lab-configure -d

 . Ensuring user 'developer' can log in to the OpenShift cluster.
Warning: Permanently added 'utility,172.25.250.253' (ECDSA) to the list of known hosts.
 . HTPasswd Identify Provider configured
 . NOTE: It might take up to one minute before user 'developer'
         can successfully log in to the OpenShift cluster.

[student@workstation ~]$ source /usr/local/etc/ocp4.config

[student@workstation ~]$ source /usr/local/etc/ocp4.config
[student@workstation ~]$ git clone https://github.com/${RHT_OCP4_GITHUB_USER}/DO180-apps
Cloning into 'DO180-apps'...
remote: Enumerating objects: 172, done.
remote: Total 172 (delta 0), reused 0 (delta 0), pack-reused 172
Receiving objects: 100% (172/172), 286.98 KiB | 448.00 KiB/s, done.
Resolving deltas: 100% (72/72), done.
[student@workstation ~]$ cd D
Desktop/    DO180-apps/ Documents/  Downloads/  
[student@workstation ~]$ cd DO180-apps/
[student@workstation DO180-apps]$ ls
example  nodejs-app  nodejs-helloworld  php-helloworld  README.md  temps  todoapp
[student@workstation DO180-apps]$ git status
On branch master
Your branch is up to date with 'origin/master'.

nothing to commit, working tree clean
[student@workstation DO180-apps]$ head README.md 
# DO180-apps
DO180 Repository for Sample Applications
[student@workstation DO180-apps]$ sudo podman search rhel| less
[student@workstation DO180-apps]$ sudo podman search rhel| more
INDEX        NAME                                                                     DESCRIPTION                               
        STARS   OFFICIAL   AUTOMATED
redhat.com   registry.access.redhat.com/rhel7-atomic                                  Red Hat Enterprise Linux Atomic Image is a
 m...   0                  
redhat.com   registry.access.redhat.com/dotnet/dotnet-20-rhel7                        .NET Core 2.0 for RHEL                    
        0                  
redhat.com   registry.access.redhat.com/dotnet/dotnetcore-10-rhel7                    .NET Core 1.0 for RHEL                    
        0                  
redhat.com   registry.access.redhat.com/dotnet/dotnetcore-11-rhel7                    .NET Core 1.1 for RHEL                    
        0                  
redhat.com   registry.access.redhat.com/rhel7/rhel-atomic                             Red Hat Enterprise Linux Atomic Image is a
 m...   0                  
redhat.com   registry.access.redhat.com/rhel-atomic                                   Red Hat Enterprise Linux Atomic Image is a
 m...   0                  
redhat.com   registry.access.redhat.com/rhel-minimal                                  Red Hat Enterprise Linux Minimal Image is 
a ...   0                  
redhat.com   registry.access.redhat.com/rhel7-rhel-minimal                            Red Hat Enterprise Linux Minimal Image is 
a ...   0                  
redhat.com   registry.access.redhat.com/rhel7-minimal                                 Red Hat Enterprise Linux Minimal Image is 
a ...   0                  
redhat.com   registry.access.redhat.com/rhceph/rhceph-3-dashboard-rhel7               Red Hat Ceph Storage 3 Dashboard          
        0                  
redhat.com   registry.access.redhat.com/dotnet/dotnet-20-runtime-rhel7                .NET Core 2.0 runtime for RHEL            
        0                  
redhat.com   registry.access.redhat.com/dotnet/dotnet-21-runtime-rhel7                .NET Core 2.1 runtime for RHEL            
        0                  
redhat.com   registry.access.redhat.com/dotnet/dotnet-22-runtime-rhel7                .NET Core 2.2 runtime only on RHEL 7      
        0                  
redhat.com   registry.access.redhat.com/rhgs3/rhgs-volmanager-rhel7                   Management Service Instance responsible fo
r ...   0                  
redhat.com   registry.access.redhat.com/dotnet/dotnet-20-jenkins-slave-rhel7          .NET Core 2.0 Jenkins Slave for RHEL      
        0                  
redhat.com   registry.access.redhat.com/rhgs3/rhgs-server-rhel7                       containerized Red Hat Gluster Storage imag
e ...   0                  
redhat.com   registry.access.redhat.com/rhgs3/rhgs-s3-server-rhel7                    Containerized S3 server image for Red Hat 
[student@workstation DO180-apps]$ sudo podman pull rhel
Trying to pull registry.access.redhat.com/rhel...
Getting image source signatures
Copying blob 13f131153d86 done
Copying blob 6e121ccea590 done
Copying config 5a286023e7 done
Writing manifest to image destination
Storing signatures
5a286023e73cb2cb0d2824b89cc6b8a8f6c2cb6044f37159d9b9f3f4eddda9cb
[student@workstation DO180-apps]$ sudo podman images
REPOSITORY                        TAG      IMAGE ID       CREATED       SIZE
registry.access.redhat.com/rhel   latest   5a286023e73c   2 weeks ago   216 MB
[student@workstation DO180-apps]$ sudo podman run ubi7/ubi:7.7 echo 'Hello!'
Trying to pull registry.access.redhat.com/ubi7/ubi:7.7...
Getting image source signatures
Copying blob 09dbbf8834d2 done
Copying blob fcd63ccfdd0c done
Copying config 0355cd652b done
Writing manifest to image destination
Storing signatures
Hello!
[student@workstation DO180-apps]$ 

[student@workstation DO180-apps]$ 
[student@workstation DO180-apps]$ sudo podman run -d rhscl/httpd-24-rhel7:2.4-36.8
Trying to pull registry.access.redhat.com/rhscl/httpd-24-rhel7:2.4-36.8...
Getting image source signatures
Copying blob 258c04e7cfdc done
Copying blob e373541ccf6a done
Copying blob 202f3871a68d done
Copying blob c5d2e9481169 done
Writing manifest to image destination
Storing signatures
d340ed7af02c7edd97fe32b025d173b8d265179914d0f41e28fd41a5469e08de
[student@workstation DO180-apps]$ sudo podman inspect -l -f "{{.NetworkSettings.IPAddress}}"
10.88.0.3
[student@workstation DO180-apps]$ curl http://10.88.0.3:8080
<!DOCTYPE html PUBLIC "-//W3C//DTD XHTML 1.1//EN" "http://www.w3.org/TR/xhtml11/DTD/xhtml11.dtd">

<html xmlns="http://www.w3.org/1999/xhtml" xml:lang="en">
	<head>
		<title>Test Page for the Apache HTTP Server on Red Hat Enterprise Linux</title>
		<meta http-equiv="Content-Type" content="text/html; charset=UTF-8" />
		<style type="text/css">
			/*<![CDATA[*/
			body {
				background-color: #fff;
				color: #000;
				font-size: 0.9em;
				font-family: sans-serif,helvetica;
				margin: 0;
				padding: 0;
			}
			:link {
				color: #c00;
			}
			:visited {
				color: #c00;
			}
			a:hover {
				color: #f50;
			}
			h1 {
				text-align: center;
				margin: 0;
				padding: 0.6em 2em 0.4em;
				background-color: #900;
				color: #fff;
				font-weight: normal;
				font-size: 1.75em;
				border-bottom: 2px solid #000;
			}
			h1 strong {
				font-weight: bold;
			}
			h2 {
				font-size: 1.1em;
				font-weight: bold;
			}
			hr {
				display: none;
			}
			.content {
				padding: 1em 5em;
			}
			.content-columns {
				/* Setting relative positioning allows for 
				absolute positioning for sub-classes */
				position: relative;
				padding-top: 1em;
			}
			.content-column-left {
				/* Value for IE/Win; will be overwritten for other browsers */
				width: 47%;
				padding-right: 3%;
				float: left;
				padding-bottom: 2em;
			}
			.content-column-left hr {
				display: none;
			}
			.content-column-right {
				/* Values for IE/Win; will be overwritten for other browsers */
				width: 47%;
				padding-left: 3%;
				float: left;
				padding-bottom: 2em;
			}
			.content-columns>.content-column-left, .content-columns>.content-column-right {
				/* Non-IE/Win */
			}
			img {
				border: 2px solid #fff;
				padding: 2px;
				margin: 2px;
			}
			a:hover img {
				border: 2px solid #f50;
			}
			/*]]>*/
		</style>
	</head>

	<body>
		<h1>Red Hat Enterprise Linux <strong>Test Page</strong></h1>

		<div class="content">
			<div class="content-middle">
				<p>This page is used to test the proper operation of the Apache HTTP server after it has been installed. If you can read this page, it means that the Apache HTTP server installed at this site is working properly.</p>
			</div>
			<hr />

			<div class="content-columns">
				<div class="content-column-left">
					<h2>If you are a member of the general public:</h2>

					<p>The fact that you are seeing this page indicates that the website you just visited is either experiencing problems, or is undergoing routine maintenance.</p>

					<p>If you would like to let the administrators of this website know that you've seen this page instead of the page you expected, you should send them e-mail. In general, mail sent to the name "webmaster" and directed to the website's domain should reach the appropriate person.</p>

					<p>For example, if you experienced problems while visiting www.example.com, you should send e-mail to "webmaster@example.com".</p>

					<p>For information on Red Hat Enterprise Linux, please visit the <a href="http://www.redhat.com/">Red Hat, Inc. website</a>. The documentation for Red Hat Enterprise Linux is <a href="http://www.redhat.com/docs/manuals/enterprise/">available on the Red Hat, Inc. website</a>.</p>
					<hr />
				</div>

				<div class="content-column-right">
					<h2>If you are the website administrator:</h2>

					<p>You may now add content to the directory <tt>/var/www/html/</tt>. Note that until you do so, people visiting your website will see this page, and not your content. To prevent this page from ever being used, follow the instructions in the file <tt>/etc/httpd/conf.d/welcome.conf</tt>.</p>

                                        <p>You are free to use the image below on web sites powered by the Apache HTTP Server:</p>
					
                                        <p align="center"><a href="http://httpd.apache.org/"><img src="/icons/apache_pb2.gif" alt="[ Powered by Apache ]"/></a></p>

				</div>
			</div>
		</div>
	</body>
</html>
[student@workstation DO180-apps]$ sudo podman run -it ubi7/ubi:7.7 /bin/bash
[root@fa2e42793df3 /]# ls
bin  boot  dev  etc  home  lib  lib64  media  mnt  opt  proc  root  run  sbin  srv  sys  tmp  usr  var
[root@fa2e42793df3 /]# whoami
root
[root@fa2e42793df3 /]# exit
exit
[student@workstation DO180-apps]$ sudo podman ps
CONTAINER ID  IMAGE                                                     COMMAND               CREATED        STATUS            PORTS  NAMES
d340ed7af02c  registry.access.redhat.com/rhscl/httpd-24-rhel7:2.4-36.8  /usr/bin/run-http...  4 minutes ago  Up 4 minutes ago         inspiring_hellman
[student@workstation DO180-apps]$ sudo podman ps-o wide
Error: unrecognized command `podman ps-o`
Try 'podman --help' for more information.
[student@workstation DO180-apps]$ sudo podman ps -o wide
Error: unknown shorthand flag: 'o' in -o
[student@workstation DO180-apps]$ sudo podman ps -a
CONTAINER ID  IMAGE                                                     COMMAND               CREATED         STATUS                     PORTS  NAMES
fa2e42793df3  registry.access.redhat.com/ubi7/ubi:7.7                   /bin/bash             57 seconds ago  Exited (0) 37 seconds ago         jolly_pare
d340ed7af02c  registry.access.redhat.com/rhscl/httpd-24-rhel7:2.4-36.8  /usr/bin/run-http...  4 minutes ago   Up 4 minutes ago                  inspiring_hellman
a36af9165c44  registry.access.redhat.com/ubi7/ubi:7.7                   echo Hello!           13 minutes ago  Exited (0) 13 minutes ago         epic_hellman
[student@workstation DO180-apps]$ 
[student@workstation DO180-apps]$ sudo podman run -e GREET=Hello -e NAME=RedHat rhel7:7.5 printenv GREET NAME
Trying to pull registry.access.redhat.com/rhel7:7.5...
Getting image source signatures
Copying blob 8d846904080d done
Copying blob 92058cf44053 done
Copying config 7b875638cf done
Writing manifest to image destination
Storing signatures
Hello
RedHat
[student@workstation DO180-apps]$ sudo podman run --name mysql-custom -e MYSQL_USER=redhat -e MYSQL_PASSWORD=r3dh4t -d rhmap47/mysql:5.5
Trying to pull registry.access.redhat.com/rhmap47/mysql:5.5...
Getting image source signatures
Copying blob 224952f96c46 done
Copying blob 8d6c031250a5 done
Copying blob e07a0d1428be done
Copying config 25e56fe831 done
Writing manifest to image destination
Storing signatures
4e6d3a3eaf6abc98ccb1c71c05a8bc9bf75381146d209231a532632e92cabd4e
[student@workstation DO180-apps]$ sudo podman ps
CONTAINER ID  IMAGE                                                     COMMAND               CREATED        STATUS            PORTS  NAMES
d340ed7af02c  registry.access.redhat.com/rhscl/httpd-24-rhel7:2.4-36.8  /usr/bin/run-http...  9 minutes ago  Up 9 minutes ago         inspiring_hellman
[student@workstation DO180-apps]$ sudo podman ps -a
CONTAINER ID  IMAGE                                                     COMMAND               CREATED         STATUS                     PORTS  NAMES
4e6d3a3eaf6a  registry.access.redhat.com/rhmap47/mysql:5.5              run-mysqld            2 minutes ago   Exited (1) 2 minutes ago          mysql-custom
36a9a7416244  registry.access.redhat.com/rhel7:7.5                      printenv GREET NA...  3 minutes ago   Exited (0) 3 minutes ago          beautiful_wiles
fa2e42793df3  registry.access.redhat.com/ubi7/ubi:7.7                   /bin/bash             8 minutes ago   Exited (0) 7 minutes ago          jolly_pare
d340ed7af02c  registry.access.redhat.com/rhscl/httpd-24-rhel7:2.4-36.8  /usr/bin/run-http...  11 minutes ago  Up 11 minutes ago                 inspiring_hellman
a36af9165c44  registry.access.redhat.com/ubi7/ubi:7.7                   echo Hello!           20 minutes ago  Exited (0) 20 minutes ago         epic_hellman
[student@workstation DO180-apps]$ 

Note
Many Podman flags also have an alternative long form; some of these are explained
below.
 -t is equivalent to --tty, meaning a pseudo-tty (pseudo-terminal) is to be
 allocated for the container.
  -i is the same as --interactive. When used, standard input is kept open into
  the container.
   -d, or its long form --detach, means the container runs in the background
   (detached). Podman then prints the container id.
   See the Podman documentation for the complete list of flags.
   
   [student@workstation DO180-apps]$ lab container-create start

Setting up workstation for the Guided Exercise: Creating a MySQL database instance

 · Checking podman configuration...............................  SUCCESS
 · Creating create_table.txt file..............................  SUCCESS
[student@workstation DO180-apps]$ sudo podman run --name mysql-basic -e MYSQL_USER=user1 -e MYSQL_PASSWORD=mypa55 -e MYSQL_DATABASE=items -e MYSQL_ROOT_PASSWORD=r00tpa55 -d rhscl/mysql-57-rhel7:5.7-3.14
Trying to pull registry.access.redhat.com/rhscl/mysql-57-rhel7:5.7-3.14...
Getting image source signatures
Copying blob c5d2e9481169 skipped: already exists
Copying blob e373541ccf6a skipped: already exists
Copying blob b3949aed10eb done
Writing manifest to image destination
Storing signatures
e748b13b4cb5c1502215de470490903521076ee324077825d99adbf3a866c6e6
[student@workstation DO180-apps]$ sudo podman ps --format "{{.ID}} {{.Image}} {{.Names}}"
e748b13b4cb5 registry.access.redhat.com/rhscl/mysql-57-rhel7:5.7-3.14 mysql-basic
d340ed7af02c registry.access.redhat.com/rhscl/httpd-24-rhel7:2.4-36.8 inspiring_hellman
[student@workstation DO180-apps]$ sudo podman exec -it mysql-basic /bin/bash
bash-4.2$ mysql -uroot
Welcome to the MySQL monitor.  Commands end with ; or \g.
Your MySQL connection id is 2
Server version: 5.7.16 MySQL Community Server (GPL)

Copyright (c) 2000, 2016, Oracle and/or its affiliates. All rights reserved.

Oracle is a registered trademark of Oracle Corporation and/or its
affiliates. Other names may be trademarks of their respective
owners.

Type 'help;' or '\h' for help. Type '\c' to clear the current input statement.

mysql> show databases;
+--------------------+
| Database           |
+--------------------+
| information_schema |
| items              |
| mysql              |
| performance_schema |
| sys                |
+--------------------+
5 rows in set (0.00 sec)

mysql> use items;
Database changed
mysql> CREATE TABLE Projects (id int(11) NOT NULL, name varchar(255) DEFAULT NULL, code varchar(255) DEFAULT NULL, PRIMARY KEY (id));
Query OK, 0 rows affected (0.03 sec)

mysql> show tables;
+-----------------+
| Tables_in_items |
+-----------------+
| Projects        |
+-----------------+
1 row in set (0.00 sec)

mysql> insert into Projects (id, name, code) values (1,'DevOps','DO180');
Query OK, 1 row affected (0.01 sec)

mysql> select * from Projects;
+----+--------+-------+
| id | name   | code  |
+----+--------+-------+
|  1 | DevOps | DO180 |
+----+--------+-------+
1 row in set (0.00 sec)

mysql> exit
Bye
bash-4.2$ exit
exit
[student@workstation DO180-apps]$ lab container-create finish

Completing the Guided Exercise: Creating a MySQL database instance

 · Removing "mysql-basic" container............................  SUCCESS
 · Removing "rhscl/mysql-57-rhel7:5.7-3.14" image..............  SUCCESS
[student@workstation DO180-apps]$ 

Summary
In this chapter, you learned:
 Podman allows users to search for and download images from local or remote registries.
  The podman run command creates and starts a container from a container image.
   Containers are executed in the background by using the -d flag, or interactively by using the -
   it flag.
    Some container images require environment variables that are set using the -e option from the
    podman run command.
     Red Hat Container Catalog assists in searching, exploring, and analyzing container images from
     Red Hat's official container image repository.
     
     
 --------------------------------------CH-3-GE-----------------------------------------------------------------------------------
 [student@workstation ~]$ lab manage-lifecycle start

Setting up workstation for the Guided Excercise: Managing a MySQL Container

 · Checking podman configuration...............................  SUCCESS
 · Setting up labs folder......................................  SUCCESS
 · Downloading starter project.................................  SUCCESS
 · Downloading solution project................................  SUCCESS

Setup successful. Please proceed with the exercise.

[student@workstation ~]$ sudo podman run --name mysql-db rhscl/mysql-57-rhel7
Trying to pull registry.access.redhat.com/rhscl/mysql-57-rhel7...
Getting image source signatures
Copying blob f1e961fe4c51 done
Copying blob 1c9f515fc6ab done
Copying blob 9f1840c3b3bd done
Copying blob 1d2c4ce43b78 done
Copying config 60726b33a0 done
Writing manifest to image destination
Storing signatures
=> sourcing 20-validate-variables.sh ...
You must either specify the following environment variables:
  MYSQL_USER (regex: '^[a-zA-Z0-9_]+$')
  MYSQL_PASSWORD (regex: '^[a-zA-Z0-9_~!@#$%^&*()-=<>,.?;:|]+$')
  MYSQL_DATABASE (regex: '^[a-zA-Z0-9_]+$')
Or the following environment variable:
  MYSQL_ROOT_PASSWORD (regex: '^[a-zA-Z0-9_~!@#$%^&*()-=<>,.?;:|]+$')
Or both.
Optional Settings:
  MYSQL_LOWER_CASE_TABLE_NAMES (default: 0)
  MYSQL_LOG_QUERIES_ENABLED (default: 0)
  MYSQL_MAX_CONNECTIONS (default: 151)
  MYSQL_FT_MIN_WORD_LEN (default: 4)
  MYSQL_FT_MAX_WORD_LEN (default: 20)
  MYSQL_AIO (default: 1)
  MYSQL_KEY_BUFFER_SIZE (default: 32M or 10% of available memory)
  MYSQL_MAX_ALLOWED_PACKET (default: 200M)
  MYSQL_TABLE_OPEN_CACHE (default: 400)
  MYSQL_SORT_BUFFER_SIZE (default: 256K)
  MYSQL_READ_BUFFER_SIZE (default: 8M or 5% of available memory)
  MYSQL_INNODB_BUFFER_POOL_SIZE (default: 32M or 50% of available memory)
  MYSQL_INNODB_LOG_FILE_SIZE (default: 8M or 15% of available memory)
  MYSQL_INNODB_LOG_BUFFER_SIZE (default: 8M or 15% of available memory)

For more information, see https://github.com/sclorg/mysql-container
[student@workstation ~]$ sudo podman logs mysql-db
=> sourcing 20-validate-variables.sh ...
You must either specify the following environment variables:
  MYSQL_USER (regex: '^[a-zA-Z0-9_]+$')
  MYSQL_PASSWORD (regex: '^[a-zA-Z0-9_~!@#$%^&*()-=<>,.?;:|]+$')
  MYSQL_DATABASE (regex: '^[a-zA-Z0-9_]+$')
Or the following environment variable:
  MYSQL_ROOT_PASSWORD (regex: '^[a-zA-Z0-9_~!@#$%^&*()-=<>,.?;:|]+$')
Or both.
Optional Settings:
  MYSQL_LOWER_CASE_TABLE_NAMES (default: 0)
  MYSQL_LOG_QUERIES_ENABLED (default: 0)
  MYSQL_MAX_CONNECTIONS (default: 151)
  MYSQL_FT_MIN_WORD_LEN (default: 4)
  MYSQL_FT_MAX_WORD_LEN (default: 20)
  MYSQL_AIO (default: 1)
  MYSQL_KEY_BUFFER_SIZE (default: 32M or 10% of available memory)
  MYSQL_MAX_ALLOWED_PACKET (default: 200M)
  MYSQL_TABLE_OPEN_CACHE (default: 400)
  MYSQL_SORT_BUFFER_SIZE (default: 256K)
  MYSQL_READ_BUFFER_SIZE (default: 8M or 5% of available memory)
  MYSQL_INNODB_BUFFER_POOL_SIZE (default: 32M or 50% of available memory)
  MYSQL_INNODB_LOG_FILE_SIZE (default: 8M or 15% of available memory)
  MYSQL_INNODB_LOG_BUFFER_SIZE (default: 8M or 15% of available memory)

For more information, see https://github.com/sclorg/mysql-container
[student@workstation ~]$ sudo podman run --name mysql -d -e MYSQL_USER=user1 -e MYSQL_PASSWORD=mypa55 -e MYSQL_DATABASE=items -e MYSQL_ROOT_PASSWORD=r00tpa55 rhscl/mysql-57-rhel7
db74e4055f6e83b2b47b42f8a94f37909d523852b58ab3e2a94d9b2589ef53d6
[student@workstation ~]$ sudo podman ps
CONTAINER ID  IMAGE                                                   COMMAND     CREATED         STATUS             PORTS  NAMES
db74e4055f6e  registry.access.redhat.com/rhscl/mysql-57-rhel7:latest  run-mysqld  15 seconds ago  Up 15 seconds ago         mysql
[student@workstation ~]$ sudo podman inspect -f '{{ .NetworkSettings.IPAddress }}' mysql
10.88.0.9
[student@workstation ~]$ mysql -uuser1 -h 10.88.0.9 -pmypa55 items < /home/student/DO180/labs/manage-lifecycle/db.sql
[student@workstation ~]$ sudo podman run --name mysql-2 -it rhscl/mysql-57-rhel7 /bin/bash
bash-4.2$ mysql -uroot
ERROR 2002 (HY000): Can't connect to local MySQL server through socket '/var/lib/mysql/mysql.sock' (2)
bash-4.2$ exit
exit
[student@workstation ~]$ sudo podman ps -a --format="{{.ID}} {{.Names}} {{.Status}}"
4ad5fbde5823 mysql-2 Exited (1) 35 seconds ago
db74e4055f6e mysql Up 3 minutes ago
64cb439fce2b mysql-db Exited (1) 4 minutes ago
4e6d3a3eaf6a mysql-custom Exited (1) About an hour ago
36a9a7416244 beautiful_wiles Exited (0) About an hour ago
fa2e42793df3 jolly_pare Exited (0) About an hour ago
d340ed7af02c inspiring_hellman Exited (0) About an hour ago
a36af9165c44 epic_hellman Exited (0) 2 hours ago
[student@workstation ~]$ sudo podman exec mysql /bin/bash -c 'mysql -uuser1 -pmypa55 -e "select * from items.Projects;"'
mysql: [Warning] Using a password on the command line interface can be insecure.
id	name	code
1	DevOps	DO180
[student@workstation ~]$ lab manage-lifecycle finish

Completing the Guided Excercise: Managing a MySQL Container

 · Stopping 'mysql' container..................................  SUCCESS
 · Stopping 'mysql-2' container................................  SUCCESS
 · Removing 'mysql' container..................................  SUCCESS
 · Removing 'mysql-2' container................................  SUCCESS
 · Removing 'mysql-db' container...............................  SUCCESS
 · Removing 'rhscl/mysql-57-rhel7' image.......................  SUCCESS
[student@workstation ~]$ 

--------------CH3-GE-Persisting a MySQL Database------------------------------
[student@workstation ~]$ lab manage-storage start

Setting up workstation for the Guided Exercise: Persisting a MySQL Database

 · Checking podman configuration...............................  SUCCESS
 · Check if the directory used by lab is not created...........  SUCCESS
[student@workstation ~]$ sudo mkdir -pv /var/local/mysql
mkdir: created directory '/var/local/mysql'
[student@workstation ~]$ sudo semanage fcontext -a -t container_file_t '/var/local/mysql(/.*)?'
[student@workstation ~]$ sudo restorecon -R /var/local/mysql
[student@workstation ~]$ ls -ldZ /var/local/mysql
drwxr-xr-x. 2 root root unconfined_u:object_r:container_file_t:s0 6 May  9 08:03 /var/local/mysql
[student@workstation ~]$ sudo chown -Rv 27:27 /var/local/mysql
changed ownership of '/var/local/mysql' from root:root to 27:27
[student@workstation ~]$ sudo podman pull rhscl/mysql-57-rhel7
Trying to pull registry.access.redhat.com/rhscl/mysql-57-rhel7...
Getting image source signatures
Copying blob 9f1840c3b3bd done
Copying blob 1c9f515fc6ab done
Copying blob f1e961fe4c51 done
Copying blob 1d2c4ce43b78 done
Copying config 60726b33a0 done
Writing manifest to image destination
Storing signatures
60726b33a00a2c3be60e25c3270a34a9b147db86602f05a71988a1c92a70cebc
[student@workstation ~]$ sudo podman run --name persist-db -d -v /var/local/mysql:/var/lib/mysql/data  -e MYSQL_USER=user1 -e MYSQL_PASSWORD=mypa55 -e MYSQL_DATABASE=items -e MYSQL_ROOT_PASSWORD=r00tpa55 rhscl/mysql-57-rhel7
56d9519f5795dd0bdbb7b39256b034d6c5fb2e6ca1999d1cd01a4f233c797d3f
[student@workstation ~]$ sudo podman ps --format="{{.ID}} {{.Names}} {{.Status}}"
56d9519f5795 persist-db Up 16 seconds ago
[student@workstation ~]$ ls -ld /var/local/mysql/items
drwxr-x---. 2 27 27 20 May  9 08:06 /var/local/mysql/items
[student@workstation ~]$ lab manage-storage finish

Completing the Guided Exercise: Persisting a MySQL Database

 · Stopping the 'persist-db' container.........................  SUCCESS
 · Removing the 'persist-db' container.........................  SUCCESS
 · Removing the 'rhscl/mysql-57-rhel7' image...................  SUCCESS
 · Removing the /var/local/mysql directory.....................  SUCCESS
 · Removing the fcontext for /var/local/mysql..................  SUCCESS
[student@workstation ~]$ 

--------------------------------CH3-GE-Loading the Database------------------------------------------
[student@workstation ~]$ lab manage-networking start

Setting up workstation for the Guided Exercise: Loading the Database

 · Checking podman configuration...............................  SUCCESS
 · Creating a host directory for the database container:
   · Adding fcontext policy for /var/local/mysql...............  SUCCESS
   · Creating the /var/local/mysql directory...................  SUCCESS
   · Apply fcontext policy to /var/local/mysql.................  SUCCESS
 · Downloading starter project.................................  SUCCESS
 · Downloading solution project................................  SUCCESS

Setup successful. Please proceed with the exercise.


[student@workstation ~]$ sudo podman run --name mysqldb-port -d -v /var/local/mysql:/var/lib/mysql/data -p 13306:3306 -e MYSQL_USER=user1 -e MYSQL_PASSWORD=mypa55 -e MYSQL_DATABASE=items -e MYSQL_ROOT_PASSWORD=r00tpa55 rhscl/mysql-57-rhel7
Trying to pull registry.access.redhat.com/rhscl/mysql-57-rhel7...
Getting image source signatures
Copying blob f1e961fe4c51 done
Copying blob 9f1840c3b3bd done
Copying blob 1d2c4ce43b78 done
Copying blob 1c9f515fc6ab done
Copying config 60726b33a0 done
Writing manifest to image destination
Storing signatures
52d1eedddfb925ce1d90ba7ff21d6f86d9473c9e24faf01e92c4c99125816556
[student@workstation ~]$ sudo podman ps --format="{{.ID}} {{.Names}} {{.Ports}}"
52d1eedddfb9 mysqldb-port 0.0.0.0:13306-&gt;3306/tcp
[student@workstation ~]$ sudo podman ps 
CONTAINER ID  IMAGE                                                   COMMAND     CREATED         STATUS             PORTS                    NAMES
52d1eedddfb9  registry.access.redhat.com/rhscl/mysql-57-rhel7:latest  run-mysqld  33 seconds ago  Up 32 seconds ago  0.0.0.0:13306->3306/tcp  mysqldb-port
[student@workstation ~]$ mysql -uuser1 -h 127.0.0.1 -pmypa55 -P13306 items < /home/student/DO180/labs/manage-networking/db.sql
[student@workstation ~]$ sudo podman exec -it mysqldb-port /opt/rh/rh-mysql57/root/usr/bin/mysql -uroot items -e "SELECT * FROM Item"
+----+-------------------+------+
| id | description       | done |
+----+-------------------+------+
|  1 | Pick up newspaper |    0 |
|  2 | Buy groceries     |    1 |
+----+-------------------+------+
[student@workstation ~]$ mysql -uuser1 -h 127.0.0.1 -pmypa55 -P13306 items -e "SELECT * FROM Item"
+----+-------------------+------+
| id | description       | done |
+----+-------------------+------+
|  1 | Pick up newspaper |    0 |
|  2 | Buy groceries     |    1 |
+----+-------------------+------+
[student@workstation ~]$ sudo podman exec -it mysqldb-port /bin/bash
bash-4.2$ mysql -uroot items -e "SELECT * FROM Item"
+----+-------------------+------+
| id | description       | done |
+----+-------------------+------+
|  1 | Pick up newspaper |    0 |
|  2 | Buy groceries     |    1 |
+----+-------------------+------+
bash-4.2$ exit
exit
[student@workstation ~]$ lab manage-networking finish

Completing the Guided Exercise: Loading the Database

 · Stopping the 'mysqldb-port' container.......................  SUCCESS
 · Removing the 'mysqldb-port' container.......................  SUCCESS
 · Removing the 'rhscl/mysql-57-rhel7' image...................  SUCCESS
 · Removing the /var/local/mysql directory.....................  SUCCESS
 · Removing the fcontext for /var/local/mysql..................  SUCCESS
[student@workstation ~]$ 

-------------------------------CH-LAB-Managing Containers--------------------------------------------


 
